###############################################################################
#                                                                             #
# IAR ELF Linker V6.60.2.5449/W32 for ARM               13/Apr/2017  11:19:12 #
# Copyright 2007-2013 IAR Systems AB.                                         #
#                                                                             #
#    Output file  =  C:\Users\test\Desktop\OS\Project\workspace\ucos_EDF+SRP\ #
#                    ce4053\Micrium\Software\EvalBoards\TI\LM3S9B92-EVALBOT\I #
#                    AR\uCOS-III-CE4053_PG\Flash\Exe\uCOS-III-Ex4.out         #
#    Map file     =  C:\Users\test\Desktop\OS\Project\workspace\ucos_EDF+SRP\ #
#                    ce4053\Micrium\Software\EvalBoards\TI\LM3S9B92-EVALBOT\I #
#                    AR\uCOS-III-CE4053_PG\Flash\List\uCOS-III-Ex4.map        #
#    Command line =  C:\Users\test\Desktop\OS\Project\workspace\ucos_EDF+SRP\ #
#                    ce4053\Micrium\Software\EvalBoards\TI\LM3S9B92-EVALBOT\I #
#                    AR\uCOS-III-CE4053_PG\Flash\Obj\adc.o                    #
#                    C:\Users\test\Desktop\OS\Project\workspace\ucos_EDF+SRP\ #
#                    ce4053\Micrium\Software\EvalBoards\TI\LM3S9B92-EVALBOT\I #
#                    AR\uCOS-III-CE4053_PG\Flash\Obj\app.o                    #
#                    C:\Users\test\Desktop\OS\Project\workspace\ucos_EDF+SRP\ #
#                    ce4053\Micrium\Software\EvalBoards\TI\LM3S9B92-EVALBOT\I #
#                    AR\uCOS-III-CE4053_PG\Flash\Obj\app_vect.o               #
#                    C:\Users\test\Desktop\OS\Project\workspace\ucos_EDF+SRP\ #
#                    ce4053\Micrium\Software\EvalBoards\TI\LM3S9B92-EVALBOT\I #
#                    AR\uCOS-III-CE4053_PG\Flash\Obj\bsp.o                    #
#                    C:\Users\test\Desktop\OS\Project\workspace\ucos_EDF+SRP\ #
#                    ce4053\Micrium\Software\EvalBoards\TI\LM3S9B92-EVALBOT\I #
#                    AR\uCOS-III-CE4053_PG\Flash\Obj\bsp_dac.o                #
#                    C:\Users\test\Desktop\OS\Project\workspace\ucos_EDF+SRP\ #
#                    ce4053\Micrium\Software\EvalBoards\TI\LM3S9B92-EVALBOT\I #
#                    AR\uCOS-III-CE4053_PG\Flash\Obj\bsp_display.o            #
#                    C:\Users\test\Desktop\OS\Project\workspace\ucos_EDF+SRP\ #
#                    ce4053\Micrium\Software\EvalBoards\TI\LM3S9B92-EVALBOT\I #
#                    AR\uCOS-III-CE4053_PG\Flash\Obj\bsp_int.o                #
#                    C:\Users\test\Desktop\OS\Project\workspace\ucos_EDF+SRP\ #
#                    ce4053\Micrium\Software\EvalBoards\TI\LM3S9B92-EVALBOT\I #
#                    AR\uCOS-III-CE4053_PG\Flash\Obj\bsp_io.o                 #
#                    C:\Users\test\Desktop\OS\Project\workspace\ucos_EDF+SRP\ #
#                    ce4053\Micrium\Software\EvalBoards\TI\LM3S9B92-EVALBOT\I #
#                    AR\uCOS-III-CE4053_PG\Flash\Obj\bsp_motor.o              #
#                    C:\Users\test\Desktop\OS\Project\workspace\ucos_EDF+SRP\ #
#                    ce4053\Micrium\Software\EvalBoards\TI\LM3S9B92-EVALBOT\I #
#                    AR\uCOS-III-CE4053_PG\Flash\Obj\bsp_sensors.o            #
#                    C:\Users\test\Desktop\OS\Project\workspace\ucos_EDF+SRP\ #
#                    ce4053\Micrium\Software\EvalBoards\TI\LM3S9B92-EVALBOT\I #
#                    AR\uCOS-III-CE4053_PG\Flash\Obj\can.o                    #
#                    C:\Users\test\Desktop\OS\Project\workspace\ucos_EDF+SRP\ #
#                    ce4053\Micrium\Software\EvalBoards\TI\LM3S9B92-EVALBOT\I #
#                    AR\uCOS-III-CE4053_PG\Flash\Obj\comp.o                   #
#                    C:\Users\test\Desktop\OS\Project\workspace\ucos_EDF+SRP\ #
#                    ce4053\Micrium\Software\EvalBoards\TI\LM3S9B92-EVALBOT\I #
#                    AR\uCOS-III-CE4053_PG\Flash\Obj\cpu_.o                   #
#                    C:\Users\test\Desktop\OS\Project\workspace\ucos_EDF+SRP\ #
#                    ce4053\Micrium\Software\EvalBoards\TI\LM3S9B92-EVALBOT\I #
#                    AR\uCOS-III-CE4053_PG\Flash\Obj\cpu_a.o                  #
#                    C:\Users\test\Desktop\OS\Project\workspace\ucos_EDF+SRP\ #
#                    ce4053\Micrium\Software\EvalBoards\TI\LM3S9B92-EVALBOT\I #
#                    AR\uCOS-III-CE4053_PG\Flash\Obj\cpu_bsp.o                #
#                    C:\Users\test\Desktop\OS\Project\workspace\ucos_EDF+SRP\ #
#                    ce4053\Micrium\Software\EvalBoards\TI\LM3S9B92-EVALBOT\I #
#                    AR\uCOS-III-CE4053_PG\Flash\Obj\cpu_c.o                  #
#                    C:\Users\test\Desktop\OS\Project\workspace\ucos_EDF+SRP\ #
#                    ce4053\Micrium\Software\EvalBoards\TI\LM3S9B92-EVALBOT\I #
#                    AR\uCOS-III-CE4053_PG\Flash\Obj\cpu_core.o               #
#                    C:\Users\test\Desktop\OS\Project\workspace\ucos_EDF+SRP\ #
#                    ce4053\Micrium\Software\EvalBoards\TI\LM3S9B92-EVALBOT\I #
#                    AR\uCOS-III-CE4053_PG\Flash\Obj\epi.o                    #
#                    C:\Users\test\Desktop\OS\Project\workspace\ucos_EDF+SRP\ #
#                    ce4053\Micrium\Software\EvalBoards\TI\LM3S9B92-EVALBOT\I #
#                    AR\uCOS-III-CE4053_PG\Flash\Obj\ethernet.o               #
#                    C:\Users\test\Desktop\OS\Project\workspace\ucos_EDF+SRP\ #
#                    ce4053\Micrium\Software\EvalBoards\TI\LM3S9B92-EVALBOT\I #
#                    AR\uCOS-III-CE4053_PG\Flash\Obj\fatfs.o                  #
#                    C:\Users\test\Desktop\OS\Project\workspace\ucos_EDF+SRP\ #
#                    ce4053\Micrium\Software\EvalBoards\TI\LM3S9B92-EVALBOT\I #
#                    AR\uCOS-III-CE4053_PG\Flash\Obj\flash.o                  #
#                    C:\Users\test\Desktop\OS\Project\workspace\ucos_EDF+SRP\ #
#                    ce4053\Micrium\Software\EvalBoards\TI\LM3S9B92-EVALBOT\I #
#                    AR\uCOS-III-CE4053_PG\Flash\Obj\gpio.o                   #
#                    C:\Users\test\Desktop\OS\Project\workspace\ucos_EDF+SRP\ #
#                    ce4053\Micrium\Software\EvalBoards\TI\LM3S9B92-EVALBOT\I #
#                    AR\uCOS-III-CE4053_PG\Flash\Obj\hibernate.o              #
#                    C:\Users\test\Desktop\OS\Project\workspace\ucos_EDF+SRP\ #
#                    ce4053\Micrium\Software\EvalBoards\TI\LM3S9B92-EVALBOT\I #
#                    AR\uCOS-III-CE4053_PG\Flash\Obj\i2c.o                    #
#                    C:\Users\test\Desktop\OS\Project\workspace\ucos_EDF+SRP\ #
#                    ce4053\Micrium\Software\EvalBoards\TI\LM3S9B92-EVALBOT\I #
#                    AR\uCOS-III-CE4053_PG\Flash\Obj\i2s.o                    #
#                    C:\Users\test\Desktop\OS\Project\workspace\ucos_EDF+SRP\ #
#                    ce4053\Micrium\Software\EvalBoards\TI\LM3S9B92-EVALBOT\I #
#                    AR\uCOS-III-CE4053_PG\Flash\Obj\interrupt.o              #
#                    C:\Users\test\Desktop\OS\Project\workspace\ucos_EDF+SRP\ #
#                    ce4053\Micrium\Software\EvalBoards\TI\LM3S9B92-EVALBOT\I #
#                    AR\uCOS-III-CE4053_PG\Flash\Obj\lib_ascii.o              #
#                    C:\Users\test\Desktop\OS\Project\workspace\ucos_EDF+SRP\ #
#                    ce4053\Micrium\Software\EvalBoards\TI\LM3S9B92-EVALBOT\I #
#                    AR\uCOS-III-CE4053_PG\Flash\Obj\lib_math.o               #
#                    C:\Users\test\Desktop\OS\Project\workspace\ucos_EDF+SRP\ #
#                    ce4053\Micrium\Software\EvalBoards\TI\LM3S9B92-EVALBOT\I #
#                    AR\uCOS-III-CE4053_PG\Flash\Obj\lib_mem.o                #
#                    C:\Users\test\Desktop\OS\Project\workspace\ucos_EDF+SRP\ #
#                    ce4053\Micrium\Software\EvalBoards\TI\LM3S9B92-EVALBOT\I #
#                    AR\uCOS-III-CE4053_PG\Flash\Obj\lib_str.o                #
#                    C:\Users\test\Desktop\OS\Project\workspace\ucos_EDF+SRP\ #
#                    ce4053\Micrium\Software\EvalBoards\TI\LM3S9B92-EVALBOT\I #
#                    AR\uCOS-III-CE4053_PG\Flash\Obj\microsd.o                #
#                    C:\Users\test\Desktop\OS\Project\workspace\ucos_EDF+SRP\ #
#                    ce4053\Micrium\Software\EvalBoards\TI\LM3S9B92-EVALBOT\I #
#                    AR\uCOS-III-CE4053_PG\Flash\Obj\mpu.o                    #
#                    C:\Users\test\Desktop\OS\Project\workspace\ucos_EDF+SRP\ #
#                    ce4053\Micrium\Software\EvalBoards\TI\LM3S9B92-EVALBOT\I #
#                    AR\uCOS-III-CE4053_PG\Flash\Obj\OS_234Tree.o             #
#                    C:\Users\test\Desktop\OS\Project\workspace\ucos_EDF+SRP\ #
#                    ce4053\Micrium\Software\EvalBoards\TI\LM3S9B92-EVALBOT\I #
#                    AR\uCOS-III-CE4053_PG\Flash\Obj\os_app_hooks.o           #
#                    C:\Users\test\Desktop\OS\Project\workspace\ucos_EDF+SRP\ #
#                    ce4053\Micrium\Software\EvalBoards\TI\LM3S9B92-EVALBOT\I #
#                    AR\uCOS-III-CE4053_PG\Flash\Obj\OS_AVLTree.o             #
#                    C:\Users\test\Desktop\OS\Project\workspace\ucos_EDF+SRP\ #
#                    ce4053\Micrium\Software\EvalBoards\TI\LM3S9B92-EVALBOT\I #
#                    AR\uCOS-III-CE4053_PG\Flash\Obj\OS_BinomialHeap.o        #
#                    C:\Users\test\Desktop\OS\Project\workspace\ucos_EDF+SRP\ #
#                    ce4053\Micrium\Software\EvalBoards\TI\LM3S9B92-EVALBOT\I #
#                    AR\uCOS-III-CE4053_PG\Flash\Obj\os_cfg_app.o             #
#                    C:\Users\test\Desktop\OS\Project\workspace\ucos_EDF+SRP\ #
#                    ce4053\Micrium\Software\EvalBoards\TI\LM3S9B92-EVALBOT\I #
#                    AR\uCOS-III-CE4053_PG\Flash\Obj\os_core.o                #
#                    C:\Users\test\Desktop\OS\Project\workspace\ucos_EDF+SRP\ #
#                    ce4053\Micrium\Software\EvalBoards\TI\LM3S9B92-EVALBOT\I #
#                    AR\uCOS-III-CE4053_PG\Flash\Obj\os_cpu_a.o               #
#                    C:\Users\test\Desktop\OS\Project\workspace\ucos_EDF+SRP\ #
#                    ce4053\Micrium\Software\EvalBoards\TI\LM3S9B92-EVALBOT\I #
#                    AR\uCOS-III-CE4053_PG\Flash\Obj\os_cpu_c.o               #
#                    C:\Users\test\Desktop\OS\Project\workspace\ucos_EDF+SRP\ #
#                    ce4053\Micrium\Software\EvalBoards\TI\LM3S9B92-EVALBOT\I #
#                    AR\uCOS-III-CE4053_PG\Flash\Obj\os_dbg.o                 #
#                    C:\Users\test\Desktop\OS\Project\workspace\ucos_EDF+SRP\ #
#                    ce4053\Micrium\Software\EvalBoards\TI\LM3S9B92-EVALBOT\I #
#                    AR\uCOS-III-CE4053_PG\Flash\Obj\os_flag.o                #
#                    C:\Users\test\Desktop\OS\Project\workspace\ucos_EDF+SRP\ #
#                    ce4053\Micrium\Software\EvalBoards\TI\LM3S9B92-EVALBOT\I #
#                    AR\uCOS-III-CE4053_PG\Flash\Obj\os_int.o                 #
#                    C:\Users\test\Desktop\OS\Project\workspace\ucos_EDF+SRP\ #
#                    ce4053\Micrium\Software\EvalBoards\TI\LM3S9B92-EVALBOT\I #
#                    AR\uCOS-III-CE4053_PG\Flash\Obj\os_mem.o                 #
#                    C:\Users\test\Desktop\OS\Project\workspace\ucos_EDF+SRP\ #
#                    ce4053\Micrium\Software\EvalBoards\TI\LM3S9B92-EVALBOT\I #
#                    AR\uCOS-III-CE4053_PG\Flash\Obj\os_msg.o                 #
#                    C:\Users\test\Desktop\OS\Project\workspace\ucos_EDF+SRP\ #
#                    ce4053\Micrium\Software\EvalBoards\TI\LM3S9B92-EVALBOT\I #
#                    AR\uCOS-III-CE4053_PG\Flash\Obj\os_mutex.o               #
#                    C:\Users\test\Desktop\OS\Project\workspace\ucos_EDF+SRP\ #
#                    ce4053\Micrium\Software\EvalBoards\TI\LM3S9B92-EVALBOT\I #
#                    AR\uCOS-III-CE4053_PG\Flash\Obj\os_pend_multi.o          #
#                    C:\Users\test\Desktop\OS\Project\workspace\ucos_EDF+SRP\ #
#                    ce4053\Micrium\Software\EvalBoards\TI\LM3S9B92-EVALBOT\I #
#                    AR\uCOS-III-CE4053_PG\Flash\Obj\os_prio.o                #
#                    C:\Users\test\Desktop\OS\Project\workspace\ucos_EDF+SRP\ #
#                    ce4053\Micrium\Software\EvalBoards\TI\LM3S9B92-EVALBOT\I #
#                    AR\uCOS-III-CE4053_PG\Flash\Obj\os_q.o                   #
#                    C:\Users\test\Desktop\OS\Project\workspace\ucos_EDF+SRP\ #
#                    ce4053\Micrium\Software\EvalBoards\TI\LM3S9B92-EVALBOT\I #
#                    AR\uCOS-III-CE4053_PG\Flash\Obj\OS_RecSplayTree.o        #
#                    C:\Users\test\Desktop\OS\Project\workspace\ucos_EDF+SRP\ #
#                    ce4053\Micrium\Software\EvalBoards\TI\LM3S9B92-EVALBOT\I #
#                    AR\uCOS-III-CE4053_PG\Flash\Obj\OS_RecTask.o             #
#                    C:\Users\test\Desktop\OS\Project\workspace\ucos_EDF+SRP\ #
#                    ce4053\Micrium\Software\EvalBoards\TI\LM3S9B92-EVALBOT\I #
#                    AR\uCOS-III-CE4053_PG\Flash\Obj\os_sem.o                 #
#                    C:\Users\test\Desktop\OS\Project\workspace\ucos_EDF+SRP\ #
#                    ce4053\Micrium\Software\EvalBoards\TI\LM3S9B92-EVALBOT\I #
#                    AR\uCOS-III-CE4053_PG\Flash\Obj\os_stat.o                #
#                    C:\Users\test\Desktop\OS\Project\workspace\ucos_EDF+SRP\ #
#                    ce4053\Micrium\Software\EvalBoards\TI\LM3S9B92-EVALBOT\I #
#                    AR\uCOS-III-CE4053_PG\Flash\Obj\os_task.o                #
#                    C:\Users\test\Desktop\OS\Project\workspace\ucos_EDF+SRP\ #
#                    ce4053\Micrium\Software\EvalBoards\TI\LM3S9B92-EVALBOT\I #
#                    AR\uCOS-III-CE4053_PG\Flash\Obj\os_tick.o                #
#                    C:\Users\test\Desktop\OS\Project\workspace\ucos_EDF+SRP\ #
#                    ce4053\Micrium\Software\EvalBoards\TI\LM3S9B92-EVALBOT\I #
#                    AR\uCOS-III-CE4053_PG\Flash\Obj\os_time.o                #
#                    C:\Users\test\Desktop\OS\Project\workspace\ucos_EDF+SRP\ #
#                    ce4053\Micrium\Software\EvalBoards\TI\LM3S9B92-EVALBOT\I #
#                    AR\uCOS-III-CE4053_PG\Flash\Obj\os_tmr.o                 #
#                    C:\Users\test\Desktop\OS\Project\workspace\ucos_EDF+SRP\ #
#                    ce4053\Micrium\Software\EvalBoards\TI\LM3S9B92-EVALBOT\I #
#                    AR\uCOS-III-CE4053_PG\Flash\Obj\os_var.o                 #
#                    C:\Users\test\Desktop\OS\Project\workspace\ucos_EDF+SRP\ #
#                    ce4053\Micrium\Software\EvalBoards\TI\LM3S9B92-EVALBOT\I #
#                    AR\uCOS-III-CE4053_PG\Flash\Obj\pwm.o                    #
#                    C:\Users\test\Desktop\OS\Project\workspace\ucos_EDF+SRP\ #
#                    ce4053\Micrium\Software\EvalBoards\TI\LM3S9B92-EVALBOT\I #
#                    AR\uCOS-III-CE4053_PG\Flash\Obj\qei.o                    #
#                    C:\Users\test\Desktop\OS\Project\workspace\ucos_EDF+SRP\ #
#                    ce4053\Micrium\Software\EvalBoards\TI\LM3S9B92-EVALBOT\I #
#                    AR\uCOS-III-CE4053_PG\Flash\Obj\ssi.o                    #
#                    C:\Users\test\Desktop\OS\Project\workspace\ucos_EDF+SRP\ #
#                    ce4053\Micrium\Software\EvalBoards\TI\LM3S9B92-EVALBOT\I #
#                    AR\uCOS-III-CE4053_PG\Flash\Obj\sysctl.o                 #
#                    C:\Users\test\Desktop\OS\Project\workspace\ucos_EDF+SRP\ #
#                    ce4053\Micrium\Software\EvalBoards\TI\LM3S9B92-EVALBOT\I #
#                    AR\uCOS-III-CE4053_PG\Flash\Obj\systick.o                #
#                    C:\Users\test\Desktop\OS\Project\workspace\ucos_EDF+SRP\ #
#                    ce4053\Micrium\Software\EvalBoards\TI\LM3S9B92-EVALBOT\I #
#                    AR\uCOS-III-CE4053_PG\Flash\Obj\timer.o                  #
#                    C:\Users\test\Desktop\OS\Project\workspace\ucos_EDF+SRP\ #
#                    ce4053\Micrium\Software\EvalBoards\TI\LM3S9B92-EVALBOT\I #
#                    AR\uCOS-III-CE4053_PG\Flash\Obj\uart.o                   #
#                    C:\Users\test\Desktop\OS\Project\workspace\ucos_EDF+SRP\ #
#                    ce4053\Micrium\Software\EvalBoards\TI\LM3S9B92-EVALBOT\I #
#                    AR\uCOS-III-CE4053_PG\Flash\Obj\udma.o                   #
#                    C:\Users\test\Desktop\OS\Project\workspace\ucos_EDF+SRP\ #
#                    ce4053\Micrium\Software\EvalBoards\TI\LM3S9B92-EVALBOT\I #
#                    AR\uCOS-III-CE4053_PG\Flash\Obj\usb.o                    #
#                    C:\Users\test\Desktop\OS\Project\workspace\ucos_EDF+SRP\ #
#                    ce4053\Micrium\Software\EvalBoards\TI\LM3S9B92-EVALBOT\I #
#                    AR\uCOS-III-CE4053_PG\Flash\Obj\watchdog.o --redirect    #
#                    _Printf=_PrintfFull --redirect _Scanf=_ScanfFull -o      #
#                    C:\Users\test\Desktop\OS\Project\workspace\ucos_EDF+SRP\ #
#                    ce4053\Micrium\Software\EvalBoards\TI\LM3S9B92-EVALBOT\I #
#                    AR\uCOS-III-CE4053_PG\Flash\Exe\uCOS-III-Ex4.out --map   #
#                    C:\Users\test\Desktop\OS\Project\workspace\ucos_EDF+SRP\ #
#                    ce4053\Micrium\Software\EvalBoards\TI\LM3S9B92-EVALBOT\I #
#                    AR\uCOS-III-CE4053_PG\Flash\List\uCOS-III-Ex4.map        #
#                    --config C:\Users\test\Desktop\OS\Project\workspace\ucos #
#                    _EDF+SRP\ce4053\Micrium\Software\EvalBoards\TI\LM3S9B92- #
#                    EVALBOT\IAR\uCOS-III-CE4053_PG\..\BSP\LM3S9B92_Flash.icf #
#                     --semihosting --entry __iar_program_start --vfe         #
#                                                                             #
#                                                                             #
###############################################################################

*******************************************************************************
*** RUNTIME MODEL ATTRIBUTES
***

CppFlavor                     = *
__Heap_Handler                = Basic
__SystemLibrary               = DLib
__dlib_dynamic_initialization = normal


*******************************************************************************
*** PLACEMENT SUMMARY
***

"A1":  place at start of [0x00000000-0x0003ffff] { ro section .intvec };
"P1":  place in [from 0x00000000 to 0x0003ffff] { ro };
"P7":  place in [from 0x20000000 to 0x20017fff] { rw, block HEAP, block CSTACK };

  Section            Kind        Address    Size  Object
  -------            ----        -------    ----  ------
"A1":                                      0x11c
  .intvec            const    0x00000000   0x11c  app_vect.o [1]
                            - 0x0000011c   0x11c

"P1":                                     0x58f8
  .text              ro code  0x0000011c   0x924  os_core.o [1]
  .text              ro code  0x00000a40   0x158  os_cpu_c.o [1]
  .text              ro code  0x00000b98    0x88  os_prio.o [1]
  .text              ro code  0x00000c20   0x4c0  os_task.o [1]
  .text              ro code  0x000010e0   0x3f4  os_tick.o [1]
  .text              ro code  0x000014d4   0x168  os_mem.o [1]
  .text              ro code  0x0000163c   0x13c  os_msg.o [1]
  .text              ro code  0x00001778   0x330  os_mutex.o [1]
  .text              ro code  0x00001aa8   0x248  os_q.o [1]
  .text              ro code  0x00001cf0   0x2e4  os_tmr.o [1]
  .text              ro code  0x00001fd4   0x1e8  os_dbg.o [1]
  .text              ro code  0x000021bc    0xe0  os_cfg_app.o [1]
  .text              ro code  0x0000229c   0x608  OS_RecTask.o [1]
  .text              ro code  0x000028a4   0x1fc  OS_RecSplayTree.o [1]
  .text              ro code  0x00002aa0   0x354  OS_BinomialHeap.o [1]
  .text              ro code  0x00002df4   0x31c  OS_AVLTree.o [1]
  .text              ro code  0x00003110   0x318  OS_234Tree.o [1]
  CODE               ro code  0x00003428    0x2a  cpu_a.o [1]
  .text              ro code  0x00003452    0x2e  copy_init3.o [5]
  .text              ro code  0x00003480   0x1a0  cpu_core.o [1]
  CODE               ro code  0x00003620    0x84  os_cpu_a.o [1]
  .text              ro code  0x000036a4    0x28  cpu_bsp.o [1]
  .text              ro code  0x000036cc    0xf8  os_time.o [1]
  .text              ro code  0x000037c4    0x56  ABImemcpy_unaligned.o [5]
  .text              ro code  0x0000381a    0x66  lib_mem.o [1]
  .text              ro code  0x00003880    0xec  bsp.o [1]
  .text              ro code  0x0000396c   0x490  sysctl.o [1]
  .text              ro code  0x00003dfc   0x24a  bsp_int.o [1]
  .text              ro code  0x00004046    0x22  zero_init3.o [5]
  .text              ro code  0x00004068    0x54  timer.o [1]
  .text              ro code  0x000040bc    0x8c  interrupt.o [1]
  .text              ro code  0x00004148   0x334  bsp_display.o [1]
  .text              ro code  0x0000447c    0xa0  bsp_io.o [1]
  .text              ro code  0x0000451c   0x154  bsp_sensors.o [1]
  .text              ro code  0x00004670   0x1f8  bsp_motor.o [1]
  .text              ro code  0x00004868   0x13c  cpu_c.o [1]
  .text              ro code  0x000049a4     0x8  cpu_.o [1]
  .text              ro code  0x000049ac    0xac  i2c.o [1]
  .text              ro code  0x00004a58   0x2d0  gpio.o [1]
  .text              ro code  0x00004d28    0x98  pwm.o [1]
  .text              ro code  0x00004dc0   0x550  app.o [1]
  .text              ro code  0x00005310    0x40  ethernet.o [1]
  .rodata            const    0x00005350   0x1dc  bsp_display.o [1]
  .rodata            const    0x0000552c    0x5c  sysctl.o [1]
  .rodata            const    0x00005588    0x50  bsp_display.o [1]
  .rodata            const    0x000055d8    0x48  gpio.o [1]
  .rodata            const    0x00005620    0x34  os_dbg.o [1]
  .rodata            const    0x00005654    0x30  os_dbg.o [1]
  .rodata            const    0x00005684    0x30  os_dbg.o [1]
  .text              ro code  0x000056b4    0x2c  app_vect.o [1]
  .rodata            const    0x000056e0    0x28  os_dbg.o [1]
  .rodata            const    0x00005708    0x28  os_dbg.o [1]
  .text              ro code  0x00005730    0x28  data_init.o [5]
  .rodata            const    0x00005758    0x24  OS_RecTask.o [1]
  .iar.init_table    const    0x0000577c    0x24  - Linker created -
  .rodata            const    0x000057a0    0x20  os_dbg.o [1]
  .text              ro code  0x000057c0    0x1a  cmain.o [5]
  .text              ro code  0x000057da     0x4  low_level_init.o [3]
  .text              ro code  0x000057de     0x4  exit.o [3]
  .rodata            const    0x000057e2     0x2  os_cfg_app.o [1]
  .text              ro code  0x000057e4     0xa  cexit.o [5]
  .rodata            const    0x000057ee     0x2  os_cfg_app.o [1]
  .text              ro code  0x000057f0    0x14  exit.o [6]
  .rodata            const    0x00005804    0x18  os_tmr.o [1]
  .rodata            const    0x0000581c    0x14  OS_BinomialHeap.o [1]
  .rodata            const    0x00005830    0x14  os_core.o [1]
  .rodata            const    0x00005844    0x14  os_tick.o [1]
  .rodata            const    0x00005858    0x10  app.o [1]
  .rodata            const    0x00005868    0x10  app.o [1]
  .rodata            const    0x00005878    0x10  app.o [1]
  .rodata            const    0x00005888    0x10  app.o [1]
  .rodata            const    0x00005898    0x10  OS_AVLTree.o [1]
  .rodata            const    0x000058a8    0x10  OS_BinomialHeap.o [1]
  .rodata            const    0x000058b8    0x10  OS_RecSplayTree.o [1]
  .rodata            const    0x000058c8     0xc  app.o [1]
  .rodata            const    0x000058d4     0xc  app.o [1]
  .rodata            const    0x000058e0     0xc  OS_234Tree.o [1]
  .rodata            const    0x000058ec     0xc  os_core.o [1]
  .rodata            const    0x000058f8     0xc  sysctl.o [1]
  .rodata            const    0x00005904     0xc  sysctl.o [1]
  .rodata            const    0x00005910     0xc  sysctl.o [1]
  .text              ro code  0x0000591c     0xc  cstartup_M.o [5]
  .rodata            const    0x00005928     0x8  bsp_display.o [1]
  .rodata            const    0x00005930     0x8  bsp_display.o [1]
  .rodata            const    0x00005938     0x8  os_core.o [1]
  .rodata            const    0x00005940     0x8  os_task.o [1]
  .rodata            const    0x00005948     0x4  os_cfg_app.o [1]
  .rodata            const    0x0000594c     0x4  os_cfg_app.o [1]
  .rodata            const    0x00005950     0x4  os_cfg_app.o [1]
  .rodata            const    0x00005954     0x4  os_cfg_app.o [1]
  .rodata            const    0x00005958     0x4  os_cfg_app.o [1]
  .rodata            const    0x0000595c     0x4  os_cfg_app.o [1]
  .rodata            const    0x00005960     0x4  os_cfg_app.o [1]
  .rodata            const    0x00005964     0x4  os_cfg_app.o [1]
  .rodata            const    0x00005968     0x4  os_cfg_app.o [1]
  .rodata            const    0x0000596c     0x4  os_cfg_app.o [1]
  .rodata            const    0x00005970     0x4  os_cfg_app.o [1]
  .rodata            const    0x00005974     0x4  os_cfg_app.o [1]
  .rodata            const    0x00005978     0x4  os_cfg_app.o [1]
  .rodata            const    0x0000597c     0x4  os_cfg_app.o [1]
  .rodata            const    0x00005980     0x4  os_cfg_app.o [1]
  .rodata            const    0x00005984     0x4  os_cfg_app.o [1]
  .rodata            const    0x00005988     0x4  os_cfg_app.o [1]
  .rodata            const    0x0000598c     0x4  os_cfg_app.o [1]
  .rodata            const    0x00005990     0x4  os_cfg_app.o [1]
  .rodata            const    0x00005994     0x4  os_cfg_app.o [1]
  .rodata            const    0x00005998     0x4  os_cfg_app.o [1]
  .rodata            const    0x0000599c     0x4  os_cfg_app.o [1]
  .rodata            const    0x000059a0     0x4  os_cfg_app.o [1]
  .rodata            const    0x000059a4     0x4  os_cfg_app.o [1]
  .rodata            const    0x000059a8     0x4  os_cfg_app.o [1]
  .rodata            const    0x000059ac     0x4  os_cfg_app.o [1]
  .rodata            const    0x000059b0     0x4  os_dbg.o [1]
  .rodata            const    0x000059b4     0x4  os_dbg.o [1]
  .rodata            const    0x000059b8     0x4  os_dbg.o [1]
  .rodata            const    0x000059bc     0x2  os_cfg_app.o [1]
  .rodata            const    0x000059be     0x2  os_dbg.o [1]
  .rodata            const    0x000059c0     0x2  os_dbg.o [1]
  .rodata            const    0x000059c2     0x2  os_dbg.o [1]
  .rodata            const    0x000059c4     0x2  os_dbg.o [1]
  .rodata            const    0x000059c6     0x2  os_dbg.o [1]
  .rodata            const    0x000059c8     0x2  os_dbg.o [1]
  .rodata            const    0x000059ca     0x2  os_dbg.o [1]
  .rodata            const    0x000059cc     0x2  os_dbg.o [1]
  .rodata            const    0x000059ce     0x2  os_dbg.o [1]
  .rodata            const    0x000059d0     0x2  os_dbg.o [1]
  .rodata            const    0x000059d2     0x2  os_dbg.o [1]
  .rodata            const    0x000059d4     0x2  os_dbg.o [1]
  .rodata            const    0x000059d6     0x2  os_dbg.o [1]
  .rodata            const    0x000059d8     0x2  os_dbg.o [1]
  .rodata            const    0x000059da     0x2  os_dbg.o [1]
  .rodata            const    0x000059dc     0x2  os_dbg.o [1]
  .rodata            const    0x000059de     0x2  os_dbg.o [1]
  .rodata            const    0x000059e0     0x2  os_dbg.o [1]
  .rodata            const    0x000059e2     0x2  os_dbg.o [1]
  .rodata            const    0x000059e4     0x2  os_dbg.o [1]
  .rodata            const    0x000059e6     0x1  os_cfg_app.o [1]
  .rodata            const    0x000059e7     0x1  os_cfg_app.o [1]
  .rodata            const    0x000059e8     0x1  os_cfg_app.o [1]
  .rodata            const    0x000059e9     0x1  os_dbg.o [1]
  .rodata            const    0x000059ea     0x1  os_dbg.o [1]
  .rodata            const    0x000059eb     0x1  os_dbg.o [1]
  .rodata            const    0x000059ec     0x1  os_dbg.o [1]
  .rodata            const    0x000059ed     0x1  os_dbg.o [1]
  .rodata            const    0x000059ee     0x1  os_dbg.o [1]
  .rodata            const    0x000059ef     0x1  os_dbg.o [1]
  .rodata            const    0x000059f0     0x1  os_dbg.o [1]
  .rodata            const    0x000059f1     0x1  os_dbg.o [1]
  .rodata            const    0x000059f2     0x1  os_dbg.o [1]
  .rodata            const    0x000059f3     0x1  os_dbg.o [1]
  .rodata            const    0x000059f4     0x1  os_dbg.o [1]
  .rodata            const    0x000059f5     0x1  os_dbg.o [1]
  .rodata            const    0x000059f6     0x1  os_dbg.o [1]
  .rodata            const    0x000059f7     0x1  os_dbg.o [1]
  .rodata            const    0x000059f8     0x1  os_dbg.o [1]
  .rodata            const    0x000059f9     0x1  os_dbg.o [1]
  .rodata            const    0x000059fa     0x1  os_dbg.o [1]
  .rodata            const    0x000059fb     0x1  os_dbg.o [1]
  .rodata            const    0x000059fc     0x1  os_dbg.o [1]
  .rodata            const    0x000059fd     0x1  os_dbg.o [1]
  .rodata            const    0x000059fe     0x1  os_dbg.o [1]
  .rodata            const    0x000059ff     0x1  os_dbg.o [1]
  .rodata            const    0x00005a00     0x1  os_dbg.o [1]
  .rodata            const    0x00005a01     0x1  os_dbg.o [1]
  .rodata            const    0x00005a02     0x1  os_dbg.o [1]
  .rodata            const    0x00005a03     0x1  os_dbg.o [1]
  .rodata            const    0x00005a04     0x1  os_dbg.o [1]
  .rodata            const    0x00005a05     0x1  os_dbg.o [1]
  .rodata            const    0x00005a06     0x1  os_dbg.o [1]
  .rodata            const    0x00005a07     0x1  os_dbg.o [1]
  .rodata            const    0x00005a08     0x1  os_dbg.o [1]
  .rodata            const    0x00005a09     0x0  zero_init3.o [5]
  .rodata            const    0x00005a09     0x0  copy_init3.o [5]
  Initializer bytes  ro data  0x00005a0c     0x8  <for P7 s0>
                            - 0x00005a14  0x58f8

"P7", part 1 of 3:                           0x8
  P7 s0                       0x20000000     0x8  <Init block>
    .data            inited   0x20000000     0x4  app.o [1]
    .data            inited   0x20000004     0x4  bsp_display.o [1]
                            - 0x20000008     0x8

"P7", part 2 of 3:                        0x2740
  .bss               zero     0x20000008   0x640  os_cfg_app.o [1]
  .bss               zero     0x20000648   0x200  app.o [1]
  .bss               zero     0x20000848   0x200  app.o [1]
  .bss               zero     0x20000a48   0x200  app.o [1]
  .bss               zero     0x20000c48   0x200  app.o [1]
  .bss               zero     0x20000e48   0x200  os_cfg_app.o [1]
  .bss               zero     0x20001048   0x200  os_cfg_app.o [1]
  .bss               zero     0x20001248   0x200  os_cfg_app.o [1]
  .bss               zero     0x20001448   0x200  os_cfg_app.o [1]
  .bss               zero     0x20001648   0x200  os_cfg_app.o [1]
  .bss               zero     0x20001848   0x190  OS_BinomialHeap.o [1]
  .bss               zero     0x200019d8   0x190  OS_RecSplayTree.o [1]
  .bss               zero     0x20001b68   0x118  bsp_int.o [1]
  .bss               zero     0x20001c80    0xf0  os_var.o [1]
  .bss               zero     0x20001d70    0xc8  OS_234Tree.o [1]
  .bss               zero     0x20001e38    0xc8  OS_AVLTree.o [1]
  .bss               zero     0x20001f00    0xa0  app.o [1]
  .bss               zero     0x20001fa0    0xa0  app.o [1]
  .bss               zero     0x20002040    0xa0  app.o [1]
  .bss               zero     0x200020e0    0xa0  app.o [1]
  .bss               zero     0x20002180    0xa0  os_var.o [1]
  .bss               zero     0x20002220    0xa0  os_var.o [1]
  .bss               zero     0x200022c0    0xa0  os_var.o [1]
  .bss               zero     0x20002360    0xa0  os_var.o [1]
  .bss               zero     0x20002400    0x68  os_cfg_app.o [1]
  .bss               zero     0x20002468    0x68  os_cfg_app.o [1]
  .bss               zero     0x200024d0    0x3c  OS_BinomialHeap.o [1]
  .bss               zero     0x2000250c    0x30  app.o [1]
  .bss               zero     0x2000253c    0x30  app.o [1]
  .bss               zero     0x2000256c    0x30  app.o [1]
  .bss               zero     0x2000259c    0x30  app.o [1]
  .bss               zero     0x200025cc    0x20  OS_234Tree.o [1]
  .bss               zero     0x200025ec    0x20  OS_AVLTree.o [1]
  .bss               zero     0x2000260c    0x20  OS_BinomialHeap.o [1]
  .bss               zero     0x2000262c    0x20  OS_BinomialHeap.o [1]
  .bss               zero     0x2000264c    0x20  OS_RecSplayTree.o [1]
  .bss               zero     0x2000266c    0x10  cpu_core.o [1]
  .bss               zero     0x2000267c     0x8  os_var.o [1]
  .bss               zero     0x20002684     0x4  bsp.o [1]
  .bss               zero     0x20002688     0x4  bsp_display.o [1]
  .bss               zero     0x2000268c     0x4  cpu_core.o [1]
  .bss               zero     0x20002690     0x4  cpu_core.o [1]
  .bss               zero     0x20002694     0x4  cpu_core.o [1]
  .bss               zero     0x20002698     0x4  cpu_core.o [1]
  .bss               zero     0x2000269c     0x4  cpu_core.o [1]
  .bss               zero     0x200026a0     0x4  cpu_core.o [1]
  .bss               zero     0x200026a4     0x4  OS_234Tree.o [1]
  .bss               zero     0x200026a8     0x4  OS_234Tree.o [1]
  .bss               zero     0x200026ac     0x4  OS_AVLTree.o [1]
  .bss               zero     0x200026b0     0x4  OS_AVLTree.o [1]
  .bss               zero     0x200026b4     0x4  OS_BinomialHeap.o [1]
  .bss               zero     0x200026b8     0x4  os_cpu_c.o [1]
  .bss               zero     0x200026bc     0x4  os_mutex.o [1]
  .bss               zero     0x200026c0     0x4  os_prio.o [1]
  .bss               zero     0x200026c4     0x4  OS_RecSplayTree.o [1]
  .bss               zero     0x200026c8     0x4  OS_RecTask.o [1]
  .bss               zero     0x200026cc     0x4  OS_RecTask.o [1]
  .bss               zero     0x200026d0     0x4  OS_RecTask.o [1]
  .bss               zero     0x200026d4     0x4  OS_RecTask.o [1]
  .bss               zero     0x200026d8     0x4  OS_RecTask.o [1]
  .bss               zero     0x200026dc     0x4  OS_RecTask.o [1]
  .bss               zero     0x200026e0     0x4  OS_RecTask.o [1]
  .bss               zero     0x200026e4     0x4  os_var.o [1]
  .bss               zero     0x200026e8     0x4  os_var.o [1]
  .bss               zero     0x200026ec     0x4  os_var.o [1]
  .bss               zero     0x200026f0     0x4  os_var.o [1]
  .bss               zero     0x200026f4     0x4  os_var.o [1]
  .bss               zero     0x200026f8     0x4  os_var.o [1]
  .bss               zero     0x200026fc     0x4  os_var.o [1]
  .bss               zero     0x20002700     0x4  os_var.o [1]
  .bss               zero     0x20002704     0x4  os_var.o [1]
  .bss               zero     0x20002708     0x4  os_var.o [1]
  .bss               zero     0x2000270c     0x4  os_var.o [1]
  .bss               zero     0x20002710     0x4  os_var.o [1]
  .bss               zero     0x20002714     0x4  os_var.o [1]
  .bss               zero     0x20002718     0x4  os_var.o [1]
  .bss               zero     0x2000271c     0x4  os_var.o [1]
  .bss               zero     0x20002720     0x4  os_var.o [1]
  .bss               zero     0x20002724     0x4  os_var.o [1]
  .bss               zero     0x20002728     0x4  os_var.o [1]
  .bss               zero     0x2000272c     0x2  cpu_core.o [1]
  .bss               zero     0x2000272e     0x2  cpu_core.o [1]
  .bss               zero     0x20002730     0x2  os_var.o [1]
  .bss               zero     0x20002732     0x2  os_var.o [1]
  .bss               zero     0x20002734     0x2  os_var.o [1]
  .bss               zero     0x20002736     0x2  os_var.o [1]
  .bss               zero     0x20002738     0x1  app.o [1]
  .bss               zero     0x20002739     0x1  app.o [1]
  .bss               zero     0x2000273a     0x1  app.o [1]
  .bss               zero     0x2000273b     0x1  app.o [1]
  .bss               zero     0x2000273c     0x1  app.o [1]
  .bss               zero     0x2000273d     0x1  os_var.o [1]
  .bss               zero     0x2000273e     0x1  os_var.o [1]
  .bss               zero     0x2000273f     0x1  os_var.o [1]
  .bss               zero     0x20002740     0x1  os_var.o [1]
  .bss               zero     0x20002741     0x1  os_var.o [1]
                            - 0x20002742  0x273a

"P7", part 3 of 3:                         0x400
  CSTACK                      0x20002748   0x400  <Block>
    CSTACK           uninit   0x20002748   0x400  <Block tail>
                            - 0x20002b48   0x400


*******************************************************************************
*** INIT TABLE
***

          Address     Size
          -------     ----
Zero (__iar_zero_init3)
    1 destination range, total size 0x273a:
          0x20000008  0x273a

Copy (__iar_copy_init3)
    1 source range, total size 0x8:
          0x00005a0c     0x8
    1 destination range, total size 0x8:
          0x20000000     0x8



*******************************************************************************
*** MODULE SUMMARY
***

    Module                 ro code  ro data  rw data
    ------                 -------  -------  -------
C:\Users\test\Desktop\OS\Project\workspace\ucos_EDF+SRP\ce4053\Micrium\Software\EvalBoards\TI\LM3S9B92-EVALBOT\IAR\uCOS-III-CE4053_PG\Flash\Obj: [1]
    OS_234Tree.o               792       12      240
    OS_AVLTree.o               796       16      240
    OS_BinomialHeap.o          852       36      528
    OS_RecSplayTree.o          508       16      436
    OS_RecTask.o             1 544       36       28
    app.o                    1 360       92    2 889
    app_vect.o                  44      284
    bsp.o                      236                 4
    bsp_display.o              820      576        8
    bsp_int.o                  586               280
    bsp_io.o                   160
    bsp_motor.o                504
    bsp_sensors.o              340
    cpu_.o                       8
    cpu_a.o                     42
    cpu_bsp.o                   40
    cpu_c.o                    316
    cpu_core.o                 416                44
    ethernet.o                  64
    gpio.o                     720       72
    i2c.o                      172
    interrupt.o                140
    lib_mem.o                  102
    os_cfg_app.o               224      113    4 368
    os_core.o                2 340       40
    os_cpu_a.o                 132
    os_cpu_c.o                 344                 4
    os_dbg.o                   488      344
    os_mem.o                   360
    os_msg.o                   316
    os_mutex.o                 816                 4
    os_prio.o                  136                 4
    os_q.o                     584
    os_task.o                1 216        8
    os_tick.o                1 012       20
    os_time.o                  248
    os_tmr.o                   740       24
    os_var.o                                     973
    pwm.o                      152
    sysctl.o                 1 168      128
    timer.o                     84
    ------------------------------------------------
    Total:                  20 922    1 817   10 050

command line: [2]
    ------------------------------------------------
    Total:

dl7M_tlf.a: [3]
    exit.o                       4
    low_level_init.o             4
    ------------------------------------------------
    Total:                       8

m7M_tl.a: [4]
    ------------------------------------------------
    Total:

rt7M_tl.a: [5]
    ABImemcpy_unaligned.o       86
    cexit.o                     10
    cmain.o                     26
    copy_init3.o                46
    cstartup_M.o                12
    data_init.o                 40
    zero_init3.o                34
    ------------------------------------------------
    Total:                     254

shb_l.a: [6]
    exit.o                      20
    ------------------------------------------------
    Total:                      20

    Linker created                       39    1 024
----------------------------------------------------
    Grand Total:            21 204    1 856   11 074


*******************************************************************************
*** ENTRY LIST
***

Entry                      Address   Size  Type      Object
-----                      -------   ----  ----      ------
?main                   0x000057c1         Code  Gb  cmain.o [5]
AVL_newNode             0x00002e2d   0x24  Code  Gb  OS_AVLTree.o [1]
AVL_newNode2            0x00003149   0x2e  Code  Gb  OS_234Tree.o [1]
AppRobotMotorDriveSensorEnable
                        0x000051a7   0x1c  Code  Lc  app.o [1]
AppTaskOne              0x00004f89   0x86  Code  Lc  app.o [1]
AppTaskOneStk           0x20000848  0x200  Data  Lc  app.o [1]
AppTaskOneTCB           0x20001fa0   0xa0  Data  Lc  app.o [1]
AppTaskStart            0x00004e15  0x174  Code  Lc  app.o [1]
AppTaskStartStk         0x20000648  0x200  Data  Lc  app.o [1]
AppTaskStartTCB         0x20001f00   0xa0  Data  Lc  app.o [1]
AppTaskThree            0x0000507d   0x58  Code  Lc  app.o [1]
AppTaskThreeStk         0x20000c48  0x200  Data  Lc  app.o [1]
AppTaskThreeTCB         0x200020e0   0xa0  Data  Lc  app.o [1]
AppTaskTwo              0x00005011   0x6a  Code  Lc  app.o [1]
AppTaskTwoStk           0x20000a48  0x200  Data  Lc  app.o [1]
AppTaskTwoTCB           0x20002040   0xa0  Data  Lc  app.o [1]
App_BusFault_ISR        0x000056d9    0x2  Code  Lc  app_vect.o [1]
App_Fault_ISR           0x000056d7    0x2  Code  Lc  app_vect.o [1]
App_MemFault_ISR        0x000056dd    0x2  Code  Lc  app_vect.o [1]
App_NMI_ISR             0x000056d5    0x2  Code  Lc  app_vect.o [1]
App_Spurious_ISR        0x000056df    0x2  Code  Lc  app_vect.o [1]
App_TaskLoader          0x000056b5   0x16  Code  Lc  app_vect.o [1]
App_UsageFault_ISR      0x000056db    0x2  Code  Lc  app_vect.o [1]
AvlTreeInit             0x00002df5   0x24  Code  Gb  OS_AVLTree.o [1]
BSP_BumpSensorsInit     0x0000451d   0x18  Code  Gb  bsp_sensors.o [1]
BSP_CPUClkFreq          0x0000391f   0x12  Code  Gb  bsp.o [1]
BSP_CPU_ClkFreq_MHz     0x20002684    0x4  Data  Gb  bsp.o [1]
BSP_DisplayClear        0x00004221   0x4c  Code  Gb  bsp_display.o [1]
BSP_DisplayInit         0x0000436f   0xd8  Code  Gb  bsp_display.o [1]
BSP_DisplayOn           0x00004333   0x3c  Code  Gb  bsp_display.o [1]
BSP_DisplayStringDraw   0x0000426d   0xc6  Code  Gb  bsp_display.o [1]
BSP_DisplayWriteArray   0x000041a3   0x3e  Code  Lc  bsp_display.o [1]
BSP_DisplayWriteByte    0x00004171   0x32  Code  Lc  bsp_display.o [1]
BSP_DisplayWriteFinal   0x000041e1   0x40  Code  Lc  bsp_display.o [1]
BSP_DisplayWriteFirst   0x00004149   0x28  Code  Lc  bsp_display.o [1]
BSP_Init                0x00003881   0x9e  Code  Gb  bsp.o [1]
BSP_IntDisAll           0x00003dfd    0x8  Code  Gb  bsp_int.o [1]
BSP_IntEn               0x00003e05   0x10  Code  Gb  bsp_int.o [1]
BSP_IntHandler          0x00004021   0x20  Code  Lc  bsp_int.o [1]
BSP_IntHandlerADC0      0x00003eaf    0xa  Code  Gb  bsp_int.o [1]
BSP_IntHandlerADC1      0x00003eb9    0xa  Code  Gb  bsp_int.o [1]
BSP_IntHandlerADC1_0    0x00003fdb    0xa  Code  Gb  bsp_int.o [1]
BSP_IntHandlerADC1_1    0x00003fe5    0xa  Code  Gb  bsp_int.o [1]
BSP_IntHandlerADC1_2    0x00003fef    0xa  Code  Gb  bsp_int.o [1]
BSP_IntHandlerADC1_3    0x00003ff9    0xa  Code  Gb  bsp_int.o [1]
BSP_IntHandlerADC2      0x00003ec3    0xa  Code  Gb  bsp_int.o [1]
BSP_IntHandlerADC3      0x00003ecd    0xa  Code  Gb  bsp_int.o [1]
BSP_IntHandlerCAN0      0x00003f95    0xa  Code  Gb  bsp_int.o [1]
BSP_IntHandlerCAN1      0x00003f9f    0xa  Code  Gb  bsp_int.o [1]
BSP_IntHandlerCOMP0     0x00003f13    0xa  Code  Gb  bsp_int.o [1]
BSP_IntHandlerCOMP1     0x00003f1d    0xa  Code  Gb  bsp_int.o [1]
BSP_IntHandlerCOMP2     0x00003f27    0xa  Code  Gb  bsp_int.o [1]
BSP_IntHandlerDummy     0x00004045    0x2  Code  Lc  bsp_int.o [1]
BSP_IntHandlerEPI       0x0000400d    0xa  Code  Gb  bsp_int.o [1]
BSP_IntHandlerETH       0x00003fa9    0xa  Code  Gb  bsp_int.o [1]
BSP_IntHandlerFLASH     0x00003f3b    0xa  Code  Gb  bsp_int.o [1]
BSP_IntHandlerGPIOA     0x00003e55    0xa  Code  Gb  bsp_int.o [1]
BSP_IntHandlerGPIOB     0x00003e5f    0xa  Code  Gb  bsp_int.o [1]
BSP_IntHandlerGPIOC     0x00003e69    0xa  Code  Gb  bsp_int.o [1]
BSP_IntHandlerGPIOD     0x00003e73    0xa  Code  Gb  bsp_int.o [1]
BSP_IntHandlerGPIOE     0x00003e7d    0xa  Code  Gb  bsp_int.o [1]
BSP_IntHandlerGPIOF     0x00003f45    0xa  Code  Gb  bsp_int.o [1]
BSP_IntHandlerGPIOG     0x00003f4f    0xa  Code  Gb  bsp_int.o [1]
BSP_IntHandlerGPIOH     0x00003f59    0xa  Code  Gb  bsp_int.o [1]
BSP_IntHandlerGPIOJ     0x00004017    0xa  Code  Gb  bsp_int.o [1]
BSP_IntHandlerHIBERNATE
                        0x00003fb3    0xa  Code  Gb  bsp_int.o [1]
BSP_IntHandlerI2C0      0x00003ea5    0xa  Code  Gb  bsp_int.o [1]
BSP_IntHandlerI2C1      0x00003f8b    0xa  Code  Gb  bsp_int.o [1]
BSP_IntHandlerI2S0      0x00004003    0xa  Code  Gb  bsp_int.o [1]
BSP_IntHandlerSSI0      0x00003e9b    0xa  Code  Gb  bsp_int.o [1]
BSP_IntHandlerSSI1      0x00003f6d    0xa  Code  Gb  bsp_int.o [1]
BSP_IntHandlerSYSCTL    0x00003f31    0xa  Code  Gb  bsp_int.o [1]
BSP_IntHandlerTIMER0B   0x00003ee1    0xa  Code  Gb  bsp_int.o [1]
BSP_IntHandlerTIMER1A   0x00003eeb    0xa  Code  Gb  bsp_int.o [1]
BSP_IntHandlerTIMER1B   0x00003ef5    0xa  Code  Gb  bsp_int.o [1]
BSP_IntHandlerTIMER2A   0x00003eff    0xa  Code  Gb  bsp_int.o [1]
BSP_IntHandlerTIMER2B   0x00003f09    0xa  Code  Gb  bsp_int.o [1]
BSP_IntHandlerTIMER3A   0x00003f77    0xa  Code  Gb  bsp_int.o [1]
BSP_IntHandlerTIMER3B   0x00003f81    0xa  Code  Gb  bsp_int.o [1]
BSP_IntHandlerUART0     0x00003e87    0xa  Code  Gb  bsp_int.o [1]
BSP_IntHandlerUART1     0x00003e91    0xa  Code  Gb  bsp_int.o [1]
BSP_IntHandlerUART2     0x00003f63    0xa  Code  Gb  bsp_int.o [1]
BSP_IntHandlerUDMA_ERR  0x00003fd1    0xa  Code  Gb  bsp_int.o [1]
BSP_IntHandlerUDMA_SW   0x00003fc7    0xa  Code  Gb  bsp_int.o [1]
BSP_IntHandlerUSB       0x00003fbd    0xa  Code  Gb  bsp_int.o [1]
BSP_IntHandlerWATCHDOG  0x00003ed7    0xa  Code  Gb  bsp_int.o [1]
BSP_IntInit             0x00003e3d   0x18  Code  Gb  bsp_int.o [1]
BSP_IntVectSet          0x00003e15   0x28  Code  Gb  bsp_int.o [1]
BSP_IntVectTbl          0x20001b68  0x118  Data  Lc  bsp_int.o [1]
BSP_LED_Off             0x000044dd   0x36  Code  Gb  bsp_io.o [1]
BSP_LED_On              0x000044a7   0x36  Code  Gb  bsp_io.o [1]
BSP_LEDsInit            0x00004495   0x12  Code  Gb  bsp_io.o [1]
BSP_MotorDir            0x0000474d   0x44  Code  Gb  bsp_motor.o [1]
BSP_MotorRun            0x00004791   0x1c  Code  Gb  bsp_motor.o [1]
BSP_MotorSpeed          0x000047dd   0x76  Code  Gb  bsp_motor.o [1]
BSP_MotorStop           0x000047ad   0x30  Code  Gb  bsp_motor.o [1]
BSP_MotorsInit          0x00004671   0xdc  Code  Gb  bsp_motor.o [1]
BSP_PushButtonsInit     0x0000447d   0x18  Code  Gb  bsp_io.o [1]
BSP_WheelSensorEnable   0x000045d7    0xe  Code  Gb  bsp_sensors.o [1]
BSP_WheelSensorIntEnable
                        0x000045e5   0x7e  Code  Gb  bsp_sensors.o [1]
BSP_WheelSensorsInit    0x00004535   0xa2  Code  Gb  bsp_sensors.o [1]
CPU_CntLeadZeros        0x0000343f         Code  Gb  cpu_a.o [1]
CPU_Init                0x00003481   0x10  Code  Gb  cpu_core.o [1]
CPU_IntDis              0x00003429         Code  Gb  cpu_a.o [1]
CPU_IntDisMeasCtr       0x2000272c    0x2  Data  Gb  cpu_core.o [1]
CPU_IntDisMeasInit      0x00003573   0x74  Code  Lc  cpu_core.o [1]
CPU_IntDisMeasMaxCalc   0x000035e7   0x14  Code  Lc  cpu_core.o [1]
CPU_IntDisMeasMaxCurGet
                        0x000034d9   0x1c  Code  Gb  cpu_core.o [1]
CPU_IntDisMeasMaxCurReset
                        0x000034b9   0x20  Code  Gb  cpu_core.o [1]
CPU_IntDisMeasMaxCur_cnts
                        0x2000269c    0x4  Data  Gb  cpu_core.o [1]
CPU_IntDisMeasMax_cnts  0x200026a0    0x4  Data  Gb  cpu_core.o [1]
CPU_IntDisMeasOvrhd_cnts
                        0x20002698    0x4  Data  Gb  cpu_core.o [1]
CPU_IntDisMeasStart     0x000034f5   0x28  Code  Gb  cpu_core.o [1]
CPU_IntDisMeasStart_cnts
                        0x20002690    0x4  Data  Gb  cpu_core.o [1]
CPU_IntDisMeasStop      0x0000351d   0x40  Code  Gb  cpu_core.o [1]
CPU_IntDisMeasStop_cnts
                        0x20002694    0x4  Data  Gb  cpu_core.o [1]
CPU_IntDisNestCtr       0x2000272e    0x2  Data  Gb  cpu_core.o [1]
CPU_IntEn               0x0000342d         Code  Gb  cpu_a.o [1]
CPU_IntSrcEn            0x00004869  0x12c  Code  Gb  cpu_c.o [1]
CPU_Name                0x2000266c   0x10  Data  Gb  cpu_core.o [1]
CPU_NameClr             0x00003491   0x22  Code  Gb  cpu_core.o [1]
CPU_NameInit            0x0000355d    0x8  Code  Lc  cpu_core.o [1]
CPU_RevBits             0x00003445         Code  Gb  cpu_a.o [1]
CPU_SR_Restore          0x00003439         Code  Gb  cpu_a.o [1]
CPU_SR_Save             0x00003431         Code  Gb  cpu_a.o [1]
CPU_TS_Init             0x00003565    0xe  Code  Lc  cpu_core.o [1]
CPU_TS_TmrFreqSet       0x000034b3    0x6  Code  Gb  cpu_core.o [1]
CPU_TS_TmrFreq_Hz       0x2000268c    0x4  Data  Gb  cpu_core.o [1]
CPU_TS_TmrInit          0x000036a5   0x18  Code  Gb  cpu_bsp.o [1]
CPU_TS_TmrRd            0x000036bd    0x6  Code  Gb  cpu_bsp.o [1]
CPU_WaitForExcept       0x0000344f         Code  Gb  cpu_a.o [1]
CPU_WaitForInt          0x0000344b         Code  Gb  cpu_a.o [1]
CPUcpsie                0x000049a5    0x8  Code  Gb  cpu_.o [1]
CSTACK$$Base            0x20002748          --   Gb  - Linker created -
CSTACK$$Limit           0x20002b48          --   Gb  - Linker created -
DelRecTree              0x00002a37   0x48  Code  Gb  OS_RecSplayTree.o [1]
Delblocktask            0x000032fb  0x118  Code  Gb  OS_234Tree.o [1]
DeleteMutex             0x00002fcf  0x12c  Code  Gb  OS_AVLTree.o [1]
DummyQ                  0x2000250c   0x30  Data  Gb  app.o [1]
EthernetPHYRead         0x00005331   0x20  Code  Gb  ethernet.o [1]
EthernetPHYWrite        0x00005311   0x20  Code  Gb  ethernet.o [1]
GPIODirModeSet          0x00004a59   0x46  Code  Gb  gpio.o [1]
GPIOIntTypeSet          0x00004a9f   0x5a  Code  Gb  gpio.o [1]
GPIOPadConfigSet        0x00004af9  0x10e  Code  Gb  gpio.o [1]
GPIOPinConfigure        0x00004cd9   0x46  Code  Gb  gpio.o [1]
GPIOPinIntClear         0x00004c3f    0x8  Code  Gb  gpio.o [1]
GPIOPinIntDisable       0x00004c19   0x12  Code  Gb  gpio.o [1]
GPIOPinIntEnable        0x00004c07   0x12  Code  Gb  gpio.o [1]
GPIOPinIntStatus        0x00004c2b   0x14  Code  Gb  gpio.o [1]
GPIOPinTypeGPIOInput    0x00004c51   0x22  Code  Gb  gpio.o [1]
GPIOPinTypeGPIOOutput   0x00004c73   0x22  Code  Gb  gpio.o [1]
GPIOPinTypeI2C          0x00004c95   0x22  Code  Gb  gpio.o [1]
GPIOPinTypePWM          0x00004cb7   0x22  Code  Gb  gpio.o [1]
GPIOPinWrite            0x00004c47    0xa  Code  Gb  gpio.o [1]
GetMinRecTree           0x00002a91   0x10  Code  Gb  OS_RecSplayTree.o [1]
HEAP1                   0x200026b4    0x4  Data  Gb  OS_BinomialHeap.o [1]
I2CMasterControl        0x00004a31    0x4  Code  Gb  i2c.o [1]
I2CMasterDataPut        0x00004a53    0x6  Code  Gb  i2c.o [1]
I2CMasterEnable         0x000049eb    0xa  Code  Gb  i2c.o [1]
I2CMasterErr            0x00004a35   0x1e  Code  Gb  i2c.o [1]
I2CMasterInitExpClk     0x000049ad   0x3e  Code  Gb  i2c.o [1]
I2CMasterIntStatus      0x000049f5   0x26  Code  Gb  i2c.o [1]
I2CMasterSlaveAddrSet   0x00004a25    0xc  Code  Gb  i2c.o [1]
InsertBlkTask           0x00003217   0xd8  Code  Gb  OS_234Tree.o [1]
InsertMutex             0x00002ef1   0xd2  Code  Gb  OS_AVLTree.o [1]
InsertRecTree           0x0000294f   0xe8  Code  Gb  OS_RecSplayTree.o [1]
IntEnable               0x000040c7   0x70  Code  Gb  interrupt.o [1]
IntMasterEnable         0x000040bd    0xa  Code  Gb  interrupt.o [1]
IntWheelSensor          0x000050d5   0xd2  Code  Gb  app.o [1]
Left_tgt                0x20002738    0x1  Data  Gb  app.o [1]
MaxResCeil              0x00002fc3    0xc  Code  Gb  OS_AVLTree.o [1]
Mem_Clr                 0x0000381b    0xc  Code  Gb  lib_mem.o [1]
Mem_Set                 0x00003827   0x5a  Code  Gb  lib_mem.o [1]
MemoryCB                0x2000264c   0x20  Data  Gb  OS_RecSplayTree.o [1]
MemoryCB_avl            0x200025ec   0x20  Data  Gb  OS_AVLTree.o [1]
MemoryCB_avl2           0x200025cc   0x20  Data  Gb  OS_234Tree.o [1]
MemoryCB_heap           0x2000260c   0x20  Data  Gb  OS_BinomialHeap.o [1]
MemoryCB_heap_node      0x2000262c   0x20  Data  Gb  OS_BinomialHeap.o [1]
MemoryPartition         0x200019d8  0x190  Data  Gb  OS_RecSplayTree.o [1]
MemoryPartition_avl     0x20001e38   0xc8  Data  Gb  OS_AVLTree.o [1]
MemoryPartition_avl2    0x20001d70   0xc8  Data  Gb  OS_234Tree.o [1]
MemoryPartition_heap    0x200024d0   0x3c  Data  Gb  OS_BinomialHeap.o [1]
MemoryPartition_heap_node
                        0x20001848  0x190  Data  Gb  OS_BinomialHeap.o [1]
MinTaskLevel            0x000032ef    0xc  Code  Gb  OS_234Tree.o [1]
MutexOne                0x2000253c   0x30  Data  Gb  app.o [1]
MutexThree              0x2000259c   0x30  Data  Gb  app.o [1]
MutexTwo                0x2000256c   0x30  Data  Gb  app.o [1]
OSCfg_DataSizeRAM       0x000059ac    0x4  Data  Gb  os_cfg_app.o [1]
OSCfg_ISRStk            0x20001048  0x200  Data  Gb  os_cfg_app.o [1]
OSCfg_ISRStkBasePtr     0x00005958    0x4  Data  Gb  os_cfg_app.o [1]
OSCfg_ISRStkSize        0x0000595c    0x4  Data  Gb  os_cfg_app.o [1]
OSCfg_ISRStkSizeRAM     0x00005960    0x4  Data  Gb  os_cfg_app.o [1]
OSCfg_IdleTaskStk       0x20000e48  0x200  Data  Gb  os_cfg_app.o [1]
OSCfg_IdleTaskStkBasePtr
                        0x00005948    0x4  Data  Gb  os_cfg_app.o [1]
OSCfg_IdleTaskStkLimit  0x0000594c    0x4  Data  Gb  os_cfg_app.o [1]
OSCfg_IdleTaskStkSize   0x00005950    0x4  Data  Gb  os_cfg_app.o [1]
OSCfg_IdleTaskStkSizeRAM
                        0x00005954    0x4  Data  Gb  os_cfg_app.o [1]
OSCfg_Init              0x000021bd   0xe0  Code  Gb  os_cfg_app.o [1]
OSCfg_MsgPool           0x20000008  0x640  Data  Gb  os_cfg_app.o [1]
OSCfg_MsgPoolBasePtr    0x00005968    0x4  Data  Gb  os_cfg_app.o [1]
OSCfg_MsgPoolSize       0x000057e2    0x2  Data  Gb  os_cfg_app.o [1]
OSCfg_MsgPoolSizeRAM    0x00005964    0x4  Data  Gb  os_cfg_app.o [1]
OSCfg_StkSizeMin        0x0000596c    0x4  Data  Gb  os_cfg_app.o [1]
OSCfg_TaskHandlerPrio   0x000059e7    0x1  Data  Gb  os_cfg_app.o [1]
OSCfg_TaskHandlerStk    0x20001448  0x200  Data  Gb  os_cfg_app.o [1]
OSCfg_TaskHandlerStkBasePtr
                        0x00005988    0x4  Data  Gb  os_cfg_app.o [1]
OSCfg_TaskHandlerStkLimit
                        0x0000598c    0x4  Data  Gb  os_cfg_app.o [1]
OSCfg_TaskHandlerStkSize
                        0x00005990    0x4  Data  Gb  os_cfg_app.o [1]
OSCfg_TickRate_Hz       0x00005970    0x4  Data  Gb  os_cfg_app.o [1]
OSCfg_TickTaskPrio      0x000059e6    0x1  Data  Gb  os_cfg_app.o [1]
OSCfg_TickTaskStk       0x20001248  0x200  Data  Gb  os_cfg_app.o [1]
OSCfg_TickTaskStkBasePtr
                        0x00005974    0x4  Data  Gb  os_cfg_app.o [1]
OSCfg_TickTaskStkLimit  0x00005978    0x4  Data  Gb  os_cfg_app.o [1]
OSCfg_TickTaskStkSize   0x0000597c    0x4  Data  Gb  os_cfg_app.o [1]
OSCfg_TickTaskStkSizeRAM
                        0x00005980    0x4  Data  Gb  os_cfg_app.o [1]
OSCfg_TickWheel         0x20002400   0x68  Data  Gb  os_cfg_app.o [1]
OSCfg_TickWheelSize     0x000057ee    0x2  Data  Gb  os_cfg_app.o [1]
OSCfg_TickWheelSizeRAM  0x00005984    0x4  Data  Gb  os_cfg_app.o [1]
OSCfg_TmrTaskPrio       0x000059e8    0x1  Data  Gb  os_cfg_app.o [1]
OSCfg_TmrTaskRate_Hz    0x00005994    0x4  Data  Gb  os_cfg_app.o [1]
OSCfg_TmrTaskStk        0x20001648  0x200  Data  Gb  os_cfg_app.o [1]
OSCfg_TmrTaskStkBasePtr
                        0x00005998    0x4  Data  Gb  os_cfg_app.o [1]
OSCfg_TmrTaskStkLimit   0x0000599c    0x4  Data  Gb  os_cfg_app.o [1]
OSCfg_TmrTaskStkSize    0x000059a0    0x4  Data  Gb  os_cfg_app.o [1]
OSCfg_TmrTaskStkSizeRAM
                        0x000059a4    0x4  Data  Gb  os_cfg_app.o [1]
OSCfg_TmrWheel          0x20002468   0x68  Data  Gb  os_cfg_app.o [1]
OSCfg_TmrWheelSize      0x000059bc    0x2  Data  Gb  os_cfg_app.o [1]
OSCfg_TmrWheelSizeRAM   0x000059a8    0x4  Data  Gb  os_cfg_app.o [1]
OSDbg_AppHooksEn        0x000059ea    0x1  Data  Gb  os_dbg.o [1]
OSDbg_ArgChkEn          0x000059e9    0x1  Data  Gb  os_dbg.o [1]
OSDbg_CalledFromISRChkEn
                        0x000059eb    0x1  Data  Gb  os_dbg.o [1]
OSDbg_DataSize          0x000059b8    0x4  Data  Gb  os_dbg.o [1]
OSDbg_DbgEn             0x000059be    0x2  Data  Gb  os_dbg.o [1]
OSDbg_EndiannessTest    0x000059b0    0x4  Data  Gb  os_dbg.o [1]
OSDbg_FlagEn            0x000059ec    0x1  Data  Gb  os_dbg.o [1]
OSDbg_FlagGrp           0x000056e0   0x28  Data  Gb  os_dbg.o [1]
OSDbg_ISRPostDeferredEn
                        0x000059ed    0x1  Data  Gb  os_dbg.o [1]
OSDbg_Mem               0x000057a0   0x20  Data  Gb  os_dbg.o [1]
OSDbg_MemEn             0x000059ee    0x1  Data  Gb  os_dbg.o [1]
OSDbg_MemSize           0x000059c0    0x2  Data  Gb  os_dbg.o [1]
OSDbg_MsgEn             0x000059ef    0x1  Data  Gb  os_dbg.o [1]
OSDbg_MsgPoolSize       0x000059c4    0x2  Data  Gb  os_dbg.o [1]
OSDbg_MsgQSize          0x000059c6    0x2  Data  Gb  os_dbg.o [1]
OSDbg_MsgSize           0x000059c2    0x2  Data  Gb  os_dbg.o [1]
OSDbg_Mutex             0x00005654   0x30  Data  Gb  os_dbg.o [1]
OSDbg_MutexDelEn        0x000059f1    0x1  Data  Gb  os_dbg.o [1]
OSDbg_MutexEn           0x000059f0    0x1  Data  Gb  os_dbg.o [1]
OSDbg_MutexPendAbortEn  0x000059f2    0x1  Data  Gb  os_dbg.o [1]
OSDbg_MutexSize         0x000059c8    0x2  Data  Gb  os_dbg.o [1]
OSDbg_ObjTypeChkEn      0x000059f3    0x1  Data  Gb  os_dbg.o [1]
OSDbg_PendDataSize      0x000059ca    0x2  Data  Gb  os_dbg.o [1]
OSDbg_PendListSize      0x000059cc    0x2  Data  Gb  os_dbg.o [1]
OSDbg_PendMultiEn       0x000059f4    0x1  Data  Gb  os_dbg.o [1]
OSDbg_PendObjSize       0x000059ce    0x2  Data  Gb  os_dbg.o [1]
OSDbg_PrioMax           0x000059d0    0x2  Data  Gb  os_dbg.o [1]
OSDbg_PrioTblSize       0x000059d2    0x2  Data  Gb  os_dbg.o [1]
OSDbg_PtrSize           0x000059d4    0x2  Data  Gb  os_dbg.o [1]
OSDbg_Q                 0x00005684   0x30  Data  Gb  os_dbg.o [1]
OSDbg_QDelEn            0x000059f6    0x1  Data  Gb  os_dbg.o [1]
OSDbg_QEn               0x000059f5    0x1  Data  Gb  os_dbg.o [1]
OSDbg_QFlushEn          0x000059f7    0x1  Data  Gb  os_dbg.o [1]
OSDbg_QPendAbortEn      0x000059f8    0x1  Data  Gb  os_dbg.o [1]
OSDbg_QSize             0x000059d6    0x2  Data  Gb  os_dbg.o [1]
OSDbg_RdyList           0x000059d8    0x2  Data  Gb  os_dbg.o [1]
OSDbg_RdyListSize       0x000059b4    0x4  Data  Gb  os_dbg.o [1]
OSDbg_SchedRoundRobinEn
                        0x000059f9    0x1  Data  Gb  os_dbg.o [1]
OSDbg_Sem               0x00005708   0x28  Data  Gb  os_dbg.o [1]
OSDbg_SemEn             0x000059fa    0x1  Data  Gb  os_dbg.o [1]
OSDbg_StatTaskEn        0x000059fc    0x1  Data  Gb  os_dbg.o [1]
OSDbg_StatTaskStkChkEn  0x000059fd    0x1  Data  Gb  os_dbg.o [1]
OSDbg_StkWidth          0x000059fb    0x1  Data  Gb  os_dbg.o [1]
OSDbg_TCBSize           0x000059dc    0x2  Data  Gb  os_dbg.o [1]
OSDbg_TaskChangePrioEn  0x000059fe    0x1  Data  Gb  os_dbg.o [1]
OSDbg_TaskDelEn         0x000059ff    0x1  Data  Gb  os_dbg.o [1]
OSDbg_TaskProfileEn     0x00005a02    0x1  Data  Gb  os_dbg.o [1]
OSDbg_TaskQEn           0x00005a00    0x1  Data  Gb  os_dbg.o [1]
OSDbg_TaskQPendAbortEn  0x00005a01    0x1  Data  Gb  os_dbg.o [1]
OSDbg_TaskRegTblSize    0x000059da    0x2  Data  Gb  os_dbg.o [1]
OSDbg_TaskSemPendAbortEn
                        0x00005a03    0x1  Data  Gb  os_dbg.o [1]
OSDbg_TaskSuspendEn     0x00005a04    0x1  Data  Gb  os_dbg.o [1]
OSDbg_TickSpokeSize     0x000059de    0x2  Data  Gb  os_dbg.o [1]
OSDbg_TimeDlyHMSMEn     0x00005a05    0x1  Data  Gb  os_dbg.o [1]
OSDbg_TimeDlyResumeEn   0x00005a06    0x1  Data  Gb  os_dbg.o [1]
OSDbg_Tmr               0x00005620   0x34  Data  Gb  os_dbg.o [1]
OSDbg_TmrDelEn          0x00005a08    0x1  Data  Gb  os_dbg.o [1]
OSDbg_TmrEn             0x00005a07    0x1  Data  Gb  os_dbg.o [1]
OSDbg_TmrSize           0x000059e0    0x2  Data  Gb  os_dbg.o [1]
OSDbg_TmrSpokeSize      0x000059e2    0x2  Data  Gb  os_dbg.o [1]
OSDbg_VersionNbr        0x000059e4    0x2  Data  Gb  os_dbg.o [1]
OSEDFSched              0x000024b1   0x4a  Code  Gb  OS_RecTask.o [1]
OSIdleTaskCtr           0x200026e4    0x4  Data  Gb  os_var.o [1]
OSIdleTaskHook          0x00000a41    0x2  Code  Gb  os_cpu_c.o [1]
OSIdleTaskTCB           0x20002180   0xa0  Data  Gb  os_var.o [1]
OSInit                  0x0000011d   0xe8  Code  Gb  os_core.o [1]
OSInitHook              0x00000a43   0x14  Code  Gb  os_cpu_c.o [1]
OSIntEnter              0x00000205   0x24  Code  Gb  os_core.o [1]
OSIntExit               0x00000229   0xb2  Code  Gb  os_core.o [1]
OSIntNestingCtr         0x2000273d    0x1  Data  Gb  os_var.o [1]
OSMemCreate             0x000014d5   0x8c  Code  Gb  os_mem.o [1]
OSMemDbgListPtr         0x200026e8    0x4  Data  Gb  os_var.o [1]
OSMemGet                0x00001561   0x4a  Code  Gb  os_mem.o [1]
OSMemPut                0x000015ab   0x4a  Code  Gb  os_mem.o [1]
OSMemQty                0x20002730    0x2  Data  Gb  os_var.o [1]
OSMsgPool               0x2000267c    0x8  Data  Gb  os_var.o [1]
OSMutexCreate           0x00001779   0x74  Code  Gb  os_mutex.o [1]
OSMutexDbgListPtr       0x200026ec    0x4  Data  Gb  os_var.o [1]
OSMutexPend             0x000017ed   0xfa  Code  Gb  os_mutex.o [1]
OSMutexPost             0x000018e7  0x150  Code  Gb  os_mutex.o [1]
OSMutexQty              0x20002732    0x2  Data  Gb  os_var.o [1]
OSPrioCur               0x2000273f    0x1  Data  Gb  os_var.o [1]
OSPrioHighRdy           0x20002740    0x1  Data  Gb  os_var.o [1]
OSPrioTbl               0x200026c0    0x4  Data  Gb  os_prio.o [1]
OSQCreate               0x00001aa9   0x64  Code  Gb  os_q.o [1]
OSQDbgListPtr           0x200026f0    0x4  Data  Gb  os_var.o [1]
OSQPend                 0x00001b0d  0x18c  Code  Gb  os_q.o [1]
OSQQty                  0x20002734    0x2  Data  Gb  os_var.o [1]
OSRdyList               0x20001c80   0xf0  Data  Gb  os_var.o [1]
OSRecTaskCreate         0x000024fb   0xea  Code  Gb  OS_RecTask.o [1]
OSRecTaskDel            0x000025e5   0xfc  Code  Gb  OS_RecTask.o [1]
OSRunning               0x2000273e    0x1  Data  Gb  os_var.o [1]
OSSched                 0x000002db   0xac  Code  Gb  os_core.o [1]
OSSchedLock             0x00000387   0x68  Code  Gb  os_core.o [1]
OSSchedLockNestingCtr   0x20002741    0x1  Data  Gb  os_var.o [1]
OSSchedLockTimeBegin    0x200026f4    0x4  Data  Gb  os_var.o [1]
OSSchedLockTimeMax      0x200026f8    0x4  Data  Gb  os_var.o [1]
OSSchedLockTimeMaxCur   0x200026fc    0x4  Data  Gb  os_var.o [1]
OSSchedUnlock           0x000003ef   0x88  Code  Gb  os_core.o [1]
OSStart                 0x00000477   0x64  Code  Gb  os_core.o [1]
OSStartHighRdy          0x00003621         Code  Gb  os_cpu_a.o [1]
OSTCBCurPtr             0x20002724    0x4  Data  Gb  os_var.o [1]
OSTCBHighRdyPtr         0x20002728    0x4  Data  Gb  os_var.o [1]
OSTCBStackReset         0x0000246b   0x46  Code  Gb  OS_RecTask.o [1]
OSTaskAppStartDel       0x000026e1   0xfa  Code  Gb  OS_RecTask.o [1]
OSTaskCreate            0x00000c21  0x10c  Code  Gb  os_task.o [1]
OSTaskCreateHook        0x00000a57    0x2  Code  Gb  os_cpu_c.o [1]
OSTaskCtxSwCtr          0x20002700    0x4  Data  Gb  os_var.o [1]
OSTaskDbgListPtr        0x20002704    0x4  Data  Gb  os_var.o [1]
OSTaskDelHook           0x00000a59    0x2  Code  Gb  os_cpu_c.o [1]
OSTaskHandler           0x0000229d   0x28  Code  Gb  OS_RecTask.o [1]
OSTaskHandlerTCB        0x200022c0   0xa0  Data  Gb  os_var.o [1]
OSTaskHandlerUpdate     0x00002311  0x15a  Code  Gb  OS_RecTask.o [1]
OSTaskQty               0x20002736    0x2  Data  Gb  os_var.o [1]
OSTaskReturnHook        0x00000a5b    0x2  Code  Gb  os_cpu_c.o [1]
OSTaskSemPend           0x00000d2d  0x146  Code  Gb  os_task.o [1]
OSTaskSemPost           0x00000e73   0x1c  Code  Gb  os_task.o [1]
OSTaskStkInit           0x00000a5d   0x80  Code  Gb  os_cpu_c.o [1]
OSTaskSwHook            0x00000add   0x36  Code  Gb  os_cpu_c.o [1]
OSTickCtr               0x20002708    0x4  Data  Gb  os_var.o [1]
OSTickTaskTCB           0x20002220   0xa0  Data  Gb  os_var.o [1]
OSTickTaskTimeMax       0x2000270c    0x4  Data  Gb  os_var.o [1]
OSTimeDly               0x000036cd   0xa6  Code  Gb  os_time.o [1]
OSTimeTick              0x00003773   0x36  Code  Gb  os_time.o [1]
OSTimeTickHook          0x00000b13    0x2  Code  Gb  os_cpu_c.o [1]
OSTmrDbgListPtr         0x20002710    0x4  Data  Gb  os_var.o [1]
OSTmrTaskTCB            0x20002360   0xa0  Data  Gb  os_var.o [1]
OSTmrTaskTimeMax        0x20002714    0x4  Data  Gb  os_var.o [1]
OSTmrTickCtr            0x20002718    0x4  Data  Gb  os_var.o [1]
OSTmrUpdateCnt          0x2000271c    0x4  Data  Gb  os_var.o [1]
OSTmrUpdateCtr          0x20002720    0x4  Data  Gb  os_var.o [1]
OS_CPU_ExceptStkBase    0x200026b8    0x4  Data  Gb  os_cpu_c.o [1]
OS_CPU_PendSVHandler    0x0000363f         Code  Gb  os_cpu_a.o [1]
OS_CPU_SysTickHandler   0x00000b15   0x2c  Code  Gb  os_cpu_c.o [1]
OS_CPU_SysTickInit      0x00000b41   0x2c  Code  Gb  os_cpu_c.o [1]
OS_Dbg_Init             0x00001fd5  0x1e8  Code  Gb  os_dbg.o [1]
OS_IdleTask             0x000004db   0x2c  Code  Gb  os_core.o [1]
OS_IdleTaskInit         0x00000507   0x50  Code  Gb  os_core.o [1]
OS_MemDbgListAdd        0x000015f5   0x24  Code  Gb  os_mem.o [1]
OS_MemInit              0x00001619   0x12  Code  Gb  os_mem.o [1]
OS_MsgPoolCreate        0x0000163d   0x3c  Code  Gb  os_msg.o [1]
OS_MsgPoolInit          0x00001679   0x2c  Code  Gb  os_msg.o [1]
OS_MsgQFreeAll          0x000016a5   0x44  Code  Gb  os_msg.o [1]
OS_MsgQGet              0x000016fd   0x70  Code  Gb  os_msg.o [1]
OS_MsgQInit             0x000016e9   0x14  Code  Gb  os_msg.o [1]
OS_MutexDbgListAdd      0x00001a37   0x28  Code  Gb  os_mutex.o [1]
OS_MutexInit            0x00001a5f   0x18  Code  Gb  os_mutex.o [1]
OS_Pend                 0x00000557   0x6c  Code  Gb  os_core.o [1]
OS_PendDataInit         0x000005c3   0x34  Code  Gb  os_core.o [1]
OS_PendDbgNameAdd       0x000005f7   0x42  Code  Gb  os_core.o [1]
OS_PendDbgNameRemove    0x00000639   0x1e  Code  Gb  os_core.o [1]
OS_PendListInit         0x00000657    0xe  Code  Gb  os_core.o [1]
OS_PendListInsertPrio   0x00000665   0x6e  Code  Gb  os_core.o [1]
OS_PendListRemove       0x000006d3   0x28  Code  Gb  os_core.o [1]
OS_PendListRemove1      0x000006fb   0x48  Code  Gb  os_core.o [1]
OS_Post                 0x00000743   0xc0  Code  Gb  os_core.o [1]
OS_Post1                0x00000803   0x26  Code  Gb  os_core.o [1]
OS_PrioGetHighest       0x00000bad   0x20  Code  Gb  os_prio.o [1]
OS_PrioInit             0x00000b99   0x14  Code  Gb  os_prio.o [1]
OS_PrioInsert           0x00000bcd   0x26  Code  Gb  os_prio.o [1]
OS_PrioRemove           0x00000bf3   0x28  Code  Gb  os_prio.o [1]
OS_QDbgListAdd          0x00001c99   0x28  Code  Gb  os_q.o [1]
OS_QInit                0x00001cc1   0x12  Code  Gb  os_q.o [1]
OS_RdyListInit          0x00000829   0x24  Code  Gb  os_core.o [1]
OS_RdyListInsert        0x00000855   0x28  Code  Gb  os_core.o [1]
OS_RdyListInsertHead    0x0000087d   0x3a  Code  Gb  os_core.o [1]
OS_RdyListInsertTail    0x000008b7   0x38  Code  Gb  os_core.o [1]
OS_RdyListRemove        0x000008ef   0x5c  Code  Gb  os_core.o [1]
OS_SchedLockTimeMeasStart
                        0x0000094b   0x14  Code  Gb  os_core.o [1]
OS_SchedLockTimeMeasStop
                        0x0000095f   0x2e  Code  Gb  os_core.o [1]
OS_TaskBlock            0x000009ed   0x3a  Code  Gb  os_core.o [1]
OS_TaskDbgListAdd       0x00000e8f   0x2c  Code  Gb  os_task.o [1]
OS_TaskDbgListRemove    0x00000ebb   0x4a  Code  Gb  os_task.o [1]
OS_TaskInit             0x00000f05   0x18  Code  Gb  os_task.o [1]
OS_TaskInitTCB          0x00000f1d   0xa8  Code  Gb  os_task.o [1]
OS_TaskLoaderInit       0x000022c5   0x4c  Code  Gb  OS_RecTask.o [1]
OS_TaskRdy              0x00000a27   0x1a  Code  Gb  os_core.o [1]
OS_TaskRecDelTCB        0x000027db   0x6c  Code  Gb  OS_RecTask.o [1]
OS_TaskReturn           0x00000fc5   0x18  Code  Gb  os_task.o [1]
OS_TaskSemPost          0x00000fdd   0xd4  Code  Gb  os_task.o [1]
OS_TickListInit         0x0000117d   0x2a  Code  Gb  os_tick.o [1]
OS_TickListInsert       0x000011a7  0x11c  Code  Gb  os_tick.o [1]
OS_TickListRemove       0x000012c3   0x42  Code  Gb  os_tick.o [1]
OS_TickListUpdate       0x00001305  0x198  Code  Gb  os_tick.o [1]
OS_TickTask             0x000010e1   0x28  Code  Gb  os_tick.o [1]
OS_TickTaskInit         0x00001109   0x74  Code  Gb  os_tick.o [1]
OS_TmrInit              0x00001cf1   0xda  Code  Gb  os_tmr.o [1]
OS_TmrLink              0x00001dcb   0xd0  Code  Gb  os_tmr.o [1]
OS_TmrTask              0x00001ee9   0xaa  Code  Gb  os_tmr.o [1]
OS_TmrUnlink            0x00001e9b   0x4c  Code  Gb  os_tmr.o [1]
PWMGenConfigure         0x00004d29   0x28  Code  Gb  pwm.o [1]
PWMGenEnable            0x00004d65    0xa  Code  Gb  pwm.o [1]
PWMGenPeriodSet         0x00004d51   0x14  Code  Gb  pwm.o [1]
PWMOutputInvert         0x00004dab   0x16  Code  Gb  pwm.o [1]
PWMOutputState          0x00004d95   0x16  Code  Gb  pwm.o [1]
PWMPulseWidthSet        0x00004d6f   0x26  Code  Gb  pwm.o [1]
RecursionTree           0x200026c4    0x4  Data  Gb  OS_RecSplayTree.o [1]
Region$$Table$$Base     0x0000577c          --   Gb  - Linker created -
Region$$Table$$Limit    0x000057a0          --   Gb  - Linker created -
ReleaseOverhead         0x200026d4    0x4  Data  Gb  OS_RecTask.o [1]
Right_tgt               0x20002739    0x1  Data  Gb  app.o [1]
RoboTurn                0x000051c9   0xc6  Code  Gb  app.o [1]
SchedulingOverhead      0x200026e0    0x4  Data  Gb  OS_RecTask.o [1]
SplayTreeInit           0x000028a5   0x24  Code  Gb  OS_RecSplayTree.o [1]
StartTime               0x200026cc    0x4  Data  Gb  OS_RecTask.o [1]
StartTime2              0x200026d0    0x4  Data  Gb  OS_RecTask.o [1]
StartTime3              0x200026d8    0x4  Data  Gb  OS_RecTask.o [1]
StartTime4              0x200026dc    0x4  Data  Gb  OS_RecTask.o [1]
SysCtlClockGet          0x00003b83  0x200  Code  Gb  sysctl.o [1]
SysCtlClockSet          0x00003a21  0x162  Code  Gb  sysctl.o [1]
SysCtlDelay             0x00003a19    0x8  Code  Gb  sysctl.o [1]
SysCtlPWMClockSet       0x00003d83   0x10  Code  Gb  sysctl.o [1]
SysCtlPeripheralDeepSleepDisable
                        0x000039f3   0x26  Code  Gb  sysctl.o [1]
SysCtlPeripheralEnable  0x000039cd   0x26  Code  Gb  sysctl.o [1]
SysCtlPeripheralReset   0x0000396d   0x60  Code  Gb  sysctl.o [1]
TimerConfigure          0x00004085   0x18  Code  Gb  timer.o [1]
TimerDisable            0x00004077    0xe  Code  Gb  timer.o [1]
TimerEnable             0x00004069    0xe  Code  Gb  timer.o [1]
TimerIntClear           0x000040b9    0x4  Code  Gb  timer.o [1]
TimerIntEnable          0x000040b1    0x8  Code  Gb  timer.o [1]
TimerLoadSet            0x0000409d   0x10  Code  Gb  timer.o [1]
Tree234Init             0x00003111   0x24  Code  Gb  OS_234Tree.o [1]
__cmain                 0x000057c1         Code  Gb  cmain.o [5]
__exit                  0x000057f1   0x14  Code  Gb  exit.o [6]
__iar_copy_init3        0x00003453   0x2e  Code  Gb  copy_init3.o [5]
__iar_data_init3        0x00005731   0x28  Code  Gb  data_init.o [5]
__iar_program_start     0x0000591d         Code  Gb  cstartup_M.o [5]
__iar_unaligned___aeabi_memcpy4
                        0x000037c5         Code  Gb  ABImemcpy_unaligned.o [5]
__iar_unaligned___aeabi_memcpy8
                        0x000037c5         Code  Gb  ABImemcpy_unaligned.o [5]
__iar_zero_init3        0x00004047   0x22  Code  Gb  zero_init3.o [5]
__low_level_init        0x000057db    0x4  Code  Gb  low_level_init.o [3]
__vector_table          0x00000000  0x11c  Data  Gb  app_vect.o [1]
_call_main              0x000057cd         Code  Gb  cmain.o [5]
_exit                   0x000057e5         Code  Gb  cexit.o [5]
_main                   0x000057d7         Code  Gb  cmain.o [5]
avl_root                0x200026ac    0x4  Data  Gb  OS_AVLTree.o [1]
avl_root2               0x200026a4    0x4  Data  Gb  OS_234Tree.o [1]
counter                 0x200026c8    0x4  Data  Gb  OS_RecTask.o [1]
create_tree_roots       0x00002b81   0x2e  Code  Gb  OS_BinomialHeap.o [1]
exit                    0x000057df    0x4  Code  Gb  exit.o [3]
extract_min             0x00002d3b   0x90  Code  Gb  OS_BinomialHeap.o [1]
find_min                0x00002b2f   0x52  Code  Gb  OS_BinomialHeap.o [1]
free_node               0x00002dcb    0xe  Code  Gb  OS_BinomialHeap.o [1]
g_pucFont               0x00005350  0x1dc  Data  Lc  bsp_display.o [1]
g_pucRITInit            0x00005588   0x50  Data  Lc  bsp_display.o [1]
g_pucRow1               0x00005928    0x8  Data  Lc  bsp_display.o [1]
g_pucRow2               0x00005930    0x8  Data  Lc  bsp_display.o [1]
g_pulDCGCRegs           0x00005910    0xc  Data  Lc  sysctl.o [1]
g_pulGPIOBaseAddrs      0x000055d8   0x48  Data  Lc  gpio.o [1]
g_pulRCGCRegs           0x00005904    0xc  Data  Lc  sysctl.o [1]
g_pulSRCRRegs           0x000058f8    0xc  Data  Lc  sysctl.o [1]
g_pulXtals              0x0000552c   0x5c  Data  Lc  sysctl.o [1]
g_ucColumnAdjust        0x20000004    0x4  Data  Lc  bsp_display.o [1]
g_ulDelay               0x20002688    0x4  Data  Lc  bsp_display.o [1]
getBalance              0x00002ed1   0x20  Code  Gb  OS_AVLTree.o [1]
getBalance2             0x000031f7   0x20  Code  Gb  OS_234Tree.o [1]
heap_create             0x00002ae5   0x4a  Code  Gb  OS_BinomialHeap.o [1]
heap_init               0x00002aa1   0x44  Code  Gb  OS_BinomialHeap.o [1]
heap_insert             0x00002bf5   0x46  Code  Gb  OS_BinomialHeap.o [1]
heap_node_create        0x00002baf   0x46  Code  Gb  OS_BinomialHeap.o [1]
height                  0x00002e19    0xc  Code  Gb  OS_AVLTree.o [1]
height2                 0x00003135    0xc  Code  Gb  OS_234Tree.o [1]
iMove                   0x20000000    0x4  Data  Gb  app.o [1]
leftRotate              0x00002e91   0x40  Code  Gb  OS_AVLTree.o [1]
leftRotate2             0x000031b7   0x40  Code  Gb  OS_234Tree.o [1]
main                    0x00004dc1   0x52  Code  Gb  app.o [1]
max                     0x00002e25    0x8  Code  Gb  OS_AVLTree.o [1]
max2                    0x00003141    0x8  Code  Gb  OS_234Tree.o [1]
maxresceil              0x200026b0    0x4  Data  Gb  OS_AVLTree.o [1]
merge                   0x00002c3b   0x8e  Code  Gb  OS_BinomialHeap.o [1]
mintasklevel            0x200026a8    0x4  Data  Gb  OS_234Tree.o [1]
readjusting_array       0x00002cc9   0x72  Code  Gb  OS_BinomialHeap.o [1]
rightRotate             0x00002e51   0x40  Code  Gb  OS_AVLTree.o [1]
rightRotate2            0x00003177   0x40  Code  Gb  OS_234Tree.o [1]
splay                   0x000028c9   0x86  Code  Gb  OS_RecSplayTree.o [1]
system_ceiling          0x200026bc    0x4  Data  Gb  os_mutex.o [1]


[1] = C:\Users\test\Desktop\OS\Project\workspace\ucos_EDF+SRP\ce4053\Micrium\Software\EvalBoards\TI\LM3S9B92-EVALBOT\IAR\uCOS-III-CE4053_PG\Flash\Obj
[2] = command line
[3] = dl7M_tlf.a
[4] = m7M_tl.a
[5] = rt7M_tl.a
[6] = shb_l.a

  21 204 bytes of readonly  code memory
   1 856 bytes of readonly  data memory
  11 074 bytes of readwrite data memory

Errors: none
Warnings: none
